// Jest Snapshot v1, https://goo.gl/fbAQLP

exports[`WeatherCard renders correctly 1`] = `
.emotion-4 {
  -webkit-align-self: center;
  -ms-flex-item-align: center;
  align-self: center;
  bottom: 10px;
  padding: 8px 0 0 8px;
  position: absolute;
  border: 1px solid rgba(0,0,0,0.3);
  border-radius: 12px;
  background-color: rgb(245,245,245);
  height: 150px;
  width: 90%;
}

.emotion-2 {
  display: -webkit-box;
  display: -webkit-flex;
  display: -ms-flexbox;
  display: flex;
  -webkit-box-pack: start;
  -webkit-justify-content: flex-start;
  -ms-flex-pack: start;
  justify-content: flex-start;
  -webkit-align-items: center;
  -webkit-box-align: center;
  -ms-flex-align: center;
  align-items: center;
  margin-bottom: 10px;
}

.emotion-0 {
  width: 50px;
  height: 50px;
  margin-right: 15px;
  border-radius: 50%;
  background-color: rgb(211,211,211);
}

@media (max-width:576px) {
  .emotion-0 {
    margin-right: 8px;
  }
}

.emotion-1 {
  font-size: 16px;
  font-weight: bold;
}

.emotion-3 {
  font-size: 16px;
  padding-bottom: 5px;
}

.emotion-4 {
  -webkit-align-self: center;
  -ms-flex-item-align: center;
  align-self: center;
  bottom: 10px;
  padding: 8px 0 0 8px;
  position: absolute;
  border: 1px solid rgba(0,0,0,0.3);
  border-radius: 12px;
  background-color: rgb(245,245,245);
  height: 150px;
  width: 90%;
}

.emotion-2 {
  display: -webkit-box;
  display: -webkit-flex;
  display: -ms-flexbox;
  display: flex;
  -webkit-box-pack: start;
  -webkit-justify-content: flex-start;
  -ms-flex-pack: start;
  justify-content: flex-start;
  -webkit-align-items: center;
  -webkit-box-align: center;
  -ms-flex-align: center;
  align-items: center;
  margin-bottom: 10px;
}

.emotion-0 {
  width: 50px;
  height: 50px;
  margin-right: 15px;
  border-radius: 50%;
  background-color: rgb(211,211,211);
}

@media (max-width:576px) {
  .emotion-0 {
    margin-right: 8px;
  }
}

.emotion-1 {
  font-size: 16px;
  font-weight: bold;
}

.emotion-3 {
  font-size: 16px;
  padding-bottom: 5px;
}

<div
  className="emotion-4"
>
  <div
    className="emotion-2"
  >
    <img
      alt="04n"
      className="emotion-0"
      src="https://openweathermap.org/img/w/04n.png"
    />
    <div
      className="emotion-1"
    >
      Wed, Feb 24th
    </div>
  </div>
  <div
    className="emotion-3"
  >
    <strong>
      56
       ℉
    </strong>
    | 
    49
     ℉
  </div>
  <div>
    humidity: 
    82
     %
  </div>
  <div>
    speed: 
    5.82
     mps
  </div>
</div>
`;
