// Jest Snapshot v1, https://goo.gl/fbAQLP

exports[`Certifications renders correctly 1`] = `
.emotion-6 {
  margin-bottom: 20px;
  height: 100vh;
}

.emotion-0 {
  font-family: Roboto,sans-serif;
  margin: 0 auto;
  background-color: rgb(0,128,115);
  font-weight: 100;
  padding: 30px 40px;
  margin-bottom: 60px;
  text-transform: uppercase;
}

@media (max-width:992px) {
  .emotion-0 {
    padding: 20px 30px;
    margin-bottom: 40px;
  }
}

.emotion-5 {
  width: 95%;
  font-family: Roboto,sans-serif;
  font-weight: 300;
  padding: 0 24px;
  max-width: 1280px;
  -webkit-letter-spacing: 0.25px;
  -moz-letter-spacing: 0.25px;
  -ms-letter-spacing: 0.25px;
  letter-spacing: 0.25px;
}

@media (min-width:1200px) {
  .emotion-5 {
    width: px;
  }
}

.emotion-4 {
  margin-bottom: 60px;
}

.emotion-4 a {
  float: left;
}

.emotion-3 {
  padding: 20px 20px 60px 20px !important;
}

.emotion-3 .divider {
  margin: 0;
}

.emotion-3 h4 {
  padding-bottom: 15px;
}

.emotion-2 {
  text-align: center;
  margin-left: -0.75rem;
  margin-right: -0.75rem;
}

.emotion-1 {
  font-size: 16px;
  font-weight: 400;
  position: relative;
  text-align: center;
}

@media (max-width:768px) {
  .emotion-1 {
    margin-bottom: 20px;
  }
}

@media (min-width:1200px) {
  .emotion-1 .gatsby-image-wrapper div:first-of-type {
    padding-bottom: 70% !important;
  }
}

.emotion-1 a {
  color: rgb(51,51,51);
}

.emotion-1 img {
  margin-top: 25px;
  max-height: 90px;
}

@media (max-width:768px) {
  .emotion-1 img {
    margin-top: 10px;
  }
}

@media (max-width:768px) {
  .emotion-1 p {
    padding-top: 20px;
  }
}

.emotion-6 {
  margin-bottom: 20px;
  height: 100vh;
}

.emotion-0 {
  font-family: Roboto,sans-serif;
  margin: 0 auto;
  background-color: rgb(0,128,115);
  font-weight: 100;
  padding: 30px 40px;
  margin-bottom: 60px;
  text-transform: uppercase;
}

@media (max-width:992px) {
  .emotion-0 {
    padding: 20px 30px;
    margin-bottom: 40px;
  }
}

.emotion-5 {
  width: 95%;
  font-family: Roboto,sans-serif;
  font-weight: 300;
  padding: 0 24px;
  max-width: 1280px;
  -webkit-letter-spacing: 0.25px;
  -moz-letter-spacing: 0.25px;
  -ms-letter-spacing: 0.25px;
  letter-spacing: 0.25px;
}

@media (min-width:1200px) {
  .emotion-5 {
    width: px;
  }
}

.emotion-4 {
  margin-bottom: 60px;
}

.emotion-4 a {
  float: left;
}

.emotion-3 {
  padding: 20px 20px 60px 20px !important;
}

.emotion-3 .divider {
  margin: 0;
}

.emotion-3 h4 {
  padding-bottom: 15px;
}

.emotion-2 {
  text-align: center;
  margin-left: -0.75rem;
  margin-right: -0.75rem;
}

.emotion-1 {
  font-size: 16px;
  font-weight: 400;
  position: relative;
  text-align: center;
}

@media (max-width:768px) {
  .emotion-1 {
    margin-bottom: 20px;
  }
}

@media (min-width:1200px) {
  .emotion-1 .gatsby-image-wrapper div:first-of-type {
    padding-bottom: 70% !important;
  }
}

.emotion-1 a {
  color: rgb(51,51,51);
}

.emotion-1 img {
  margin-top: 25px;
  max-height: 90px;
}

@media (max-width:768px) {
  .emotion-1 img {
    margin-top: 10px;
  }
}

@media (max-width:768px) {
  .emotion-1 p {
    padding-top: 20px;
  }
}

<section
  className="section scrollspy emotion-6"
  id="certifications"
>
  <h3
    className="page-title white-text emotion-0"
  >
    Certifications
  </h3>
  <div
    className="container emotion-5"
  >
    <div
      className="card emotion-4"
    >
      <div
        className="card-content emotion-3"
      >
        <h4
          className="brown-text light"
        >
          Certifications
        </h4>
        <hr
          className="MuiDivider-root divider MuiDivider-middle"
        />
        <div
          className="row emotion-2"
        >
          <div
            className="col s4 m2 emotion-1"
          >
            <a
              href="https://drive.google.com/open?id=12J6DihgPFkvlGzN49jJjPrsNZwrQjyIr"
              rel="noopener noreferrer"
              target="_blank"
            >
              <div
                className=" gatsby-image-wrapper"
                style={
                  Object {
                    "maxHeight": "100%",
                    "overflow": "hidden",
                    "position": "relative",
                  }
                }
              >
                <div
                  aria-hidden={true}
                  style={
                    Object {
                      "paddingBottom": "63.83896477354421%",
                      "width": "100%",
                    }
                  }
                />
                <img
                  alt=""
                  aria-hidden={true}
                  src="data:image/jpeg;base64,/9j/2wBDABALDA4MChAODQ4SERATGCgaGBYWGDEj"
                  style={
                    Object {
                      "height": "100%",
                      "left": 0,
                      "objectFit": "contain",
                      "objectPosition": "center",
                      "opacity": 1,
                      "position": "absolute",
                      "top": 0,
                      "transitionDelay": "500ms",
                      "width": "100%",
                    }
                  }
                />
                <picture>
                  <source
                    sizes="(max-width: 800px) 100vw, 800px"
                    srcSet="/static/a68ec0a3134b8610c476cd0fa3c0cf7e/fd013/aws.jpg 200w,
						  /static/a68ec0a3134b8610c476cd0fa3c0cf7e/25252/aws.jpg 400w,
						  /static/a68ec0a3134b8610c476cd0fa3c0cf7e/2f1b1/aws.jpg 800w,
						  /static/a68ec0a3134b8610c476cd0fa3c0cf7e/0ff54/aws.jpg 1200w,
						  /static/a68ec0a3134b8610c476cd0fa3c0cf7e/6d185/aws.jpg 1391w"
                  />
                  <img
                    alt="AWS Logo"
                    loading="lazy"
                    onLoad={[Function]}
                    sizes="(max-width: 800px) 100vw, 800px"
                    src="/static/a68ec0a3134b8610c476cd0fa3c0cf7e/2f1b1/aws.jpg"
                    srcSet="/static/a68ec0a3134b8610c476cd0fa3c0cf7e/fd013/aws.jpg 200w,
						  /static/a68ec0a3134b8610c476cd0fa3c0cf7e/25252/aws.jpg 400w,
						  /static/a68ec0a3134b8610c476cd0fa3c0cf7e/2f1b1/aws.jpg 800w,
						  /static/a68ec0a3134b8610c476cd0fa3c0cf7e/0ff54/aws.jpg 1200w,
						  /static/a68ec0a3134b8610c476cd0fa3c0cf7e/6d185/aws.jpg 1391w"
                    style={
                      Object {
                        "height": "100%",
                        "left": 0,
                        "objectFit": "contain",
                        "objectPosition": "center",
                        "opacity": 0,
                        "position": "absolute",
                        "top": 0,
                        "transition": "opacity 500ms",
                        "width": "100%",
                      }
                    }
                  />
                </picture>
                <noscript
                  dangerouslySetInnerHTML={
                    Object {
                      "__html": "<picture><source srcset=\\"/static/a68ec0a3134b8610c476cd0fa3c0cf7e/fd013/aws.jpg 200w,
						  /static/a68ec0a3134b8610c476cd0fa3c0cf7e/25252/aws.jpg 400w,
						  /static/a68ec0a3134b8610c476cd0fa3c0cf7e/2f1b1/aws.jpg 800w,
						  /static/a68ec0a3134b8610c476cd0fa3c0cf7e/0ff54/aws.jpg 1200w,
						  /static/a68ec0a3134b8610c476cd0fa3c0cf7e/6d185/aws.jpg 1391w\\" sizes=\\"(max-width: 800px) 100vw, 800px\\" /><img loading=\\"lazy\\" sizes=\\"(max-width: 800px) 100vw, 800px\\" srcset=\\"/static/a68ec0a3134b8610c476cd0fa3c0cf7e/fd013/aws.jpg 200w,
						  /static/a68ec0a3134b8610c476cd0fa3c0cf7e/25252/aws.jpg 400w,
						  /static/a68ec0a3134b8610c476cd0fa3c0cf7e/2f1b1/aws.jpg 800w,
						  /static/a68ec0a3134b8610c476cd0fa3c0cf7e/0ff54/aws.jpg 1200w,
						  /static/a68ec0a3134b8610c476cd0fa3c0cf7e/6d185/aws.jpg 1391w\\" src=\\"/static/a68ec0a3134b8610c476cd0fa3c0cf7e/2f1b1/aws.jpg\\" alt=\\"AWS Logo\\" style=\\"position:absolute;top:0;left:0;opacity:1;width:100%;height:100%;object-fit:cover;object-position:center\\"/></picture>",
                    }
                  }
                />
              </div>
              <p>
                AWS Certified Cloud Practitioner
              </p>
            </a>
          </div>
        </div>
      </div>
    </div>
  </div>
</section>
`;
