// Jest Snapshot v1, https://goo.gl/fbAQLP

exports[`TitleHeader renders correctly 1`] = `
.emotion-0 {
  font-family: Roboto,sans-serif;
  margin: 0 auto;
  background-color: rgb(0, 128, 115);
  font-weight: 100;
  padding: 30px 40px;
  margin-bottom: 60px;
  text-transform: uppercase;
}

@media (max-width: 992px) {
  .emotion-0 {
    padding: 20px 30px;
    margin-bottom: 40px;
  }
}

<h3
  className="page-title white-text emotion-0"
>
  Mock Title Header
</h3>
`;
