// Jest Snapshot v1, https://goo.gl/fbAQLP

exports[`Header renders correctly 1`] = `
.emotion-3 {
  margin-bottom: 20px;
  padding-top: 0;
}

.emotion-0 {
  margin: 0 auto;
  background-color: rgb(0,128,115);
  font-weight: 100;
  padding: 30px 40px;
  margin-bottom: 60px;
  text-transform: uppercase;
}

@media (max-width:992px) {
  .emotion-0 {
    padding: 20px 30px;
    margin-bottom: 40px;
  }
}

.emotion-2 {
  width: 95%;
  font-family: Roboto,sans-serif;
  font-weight: 300;
  padding: 0 24px;
}

.emotion-1 {
  border-left: 5px solid rgb(121,85,72);
  color: rgb(121,85,72);
  font-weight: 400;
  font-size: 125%;
  margin: 20px 0;
  padding-left: 24px;
}

.emotion-1 h2 {
  font-size: inherit;
  line-height: inherit;
}

.emotion-3 {
  margin-bottom: 20px;
  padding-top: 0;
}

.emotion-0 {
  margin: 0 auto;
  background-color: rgb(0,128,115);
  font-weight: 100;
  padding: 30px 40px;
  margin-bottom: 60px;
  text-transform: uppercase;
}

@media (max-width:992px) {
  .emotion-0 {
    padding: 20px 30px;
    margin-bottom: 40px;
  }
}

.emotion-2 {
  width: 95%;
  font-family: Roboto,sans-serif;
  font-weight: 300;
  padding: 0 24px;
}

.emotion-1 {
  border-left: 5px solid rgb(121,85,72);
  color: rgb(121,85,72);
  font-weight: 400;
  font-size: 125%;
  margin: 20px 0;
  padding-left: 24px;
}

.emotion-1 h2 {
  font-size: inherit;
  line-height: inherit;
}

<section
  className="section scrollspy emotion-3"
  id="about"
>
  <h3
    className="page-title white-text emotion-0"
  >
    About
  </h3>
  <div
    className="container flow-text emotion-2"
  >
    <blockquote
      className="emotion-1"
    >
      <h2>
        Highly motivated, full stack software developer with a passion for delivering high quality, requirements-driven software.
      </h2>
    </blockquote>
    <p>
      I have over 7 years of experience as a full stack software engineer and have worked at both small startups and large organizations. As a software developer, I enjoy putting my obsessive attention to detail to use building out user friendly frontend components and scalable backend services.
    </p>
    <p>
      I have an insatiable interest in learning new technologies as well as a strong desire to build modular, maintainable, and well-tested applications. I am constantly sharpening my skills and keeping up with the latest trends in web development and cloud computing.
    </p>
  </div>
</section>
`;
