// Jest Snapshot v1, https://goo.gl/fbAQLP

exports[`Page renders correctly 1`] = `
.emotion-0 {
  display: contents;
}

.emotion-0 {
  display: contents;
}

<div
  className="emotion-0"
/>
`;
