// Jest Snapshot v1, https://goo.gl/fbAQLP

exports[`Header renders correctly 1`] = `
.emotion-0 {
  display: block;
  text-align: center;
  font-size: 22px;
}

.emotion-0 .name-title>a {
  color: rgb(0, 128, 115);
  display: block;
  margin-bottom: -7px;
  padding-top: 10px;
}

.emotion-0 span {
  font-size: 14px;
  display: block;
  padding-bottom: 3px;
}

.emotion-0 a>i {
  font-size: 35px;
  display: block;
  float: left;
  padding-top: 15px;
  margin-right: -30px;
}

.emotion-0 .icon-green {
  color: rgb(0, 128, 115);
}

.emotion-0 .tool-bar {
  display: block;
  text-align: center;
}

.emotion-1 {
  margin-top: 64px;
  display: inline-block;
}

@media (max-width: 576px) {
  .emotion-1 {
    margin-top: 60px;
  }
}

@media (min-width: 992px) {
  .emotion-1 {
    margin-top: 0;
  }
}

<section
  className="section scrollspy"
  id="header"
  style={
    Object {
      "display": "contents",
    }
  }
>
  <header
    className="MuiPaper-root MuiAppBar-root MuiAppBar-positionFixed MuiAppBar-colorInherit emotion-0 mui-fixed MuiPaper-elevation4"
  >
    <div
      className="MuiToolbar-root MuiToolbar-regular tool-bar MuiToolbar-gutters"
    >
      <a
        href="/"
        onClick={[Function]}
      >
        <i
          className="material-icons icon-green"
        >
          menu
        </i>
      </a>
      <div
        className="name-title"
      >
        <a
          href="/"
        >
          Andrew Hummel
        </a>
        <span
          className="brown-text light"
        >
          Full Stack Developer
        </span>
      </div>
    </div>
  </header>
  <div
    className="emotion-1 gatsby-image-wrapper"
    style={
      Object {
        "maxHeight": null,
        "maxWidth": null,
        "overflow": "hidden",
        "position": "relative",
      }
    }
  >
    <div
      aria-hidden={true}
      style={
        Object {
          "paddingBottom": "63.83896477354421%",
          "width": "100%",
        }
      }
    />
    <img
      alt=""
      aria-hidden={true}
      src="data:image/jpeg;base64,/9j/2wBDABALDA4MChAODQ4SERATGCgaGBYWGDEj"
      style={
        Object {
          "height": "100%",
          "left": 0,
          "objectFit": "cover",
          "objectPosition": "center",
          "opacity": 1,
          "position": "absolute",
          "top": 0,
          "transitionDelay": "500ms",
          "width": "100%",
        }
      }
    />
    <picture>
      <source
        sizes="(max-width: 800px) 100vw, 800px"
        srcSet="/static/a68ec0a3134b8610c476cd0fa3c0cf7e/fd013/profile.jpg 200w,
						  /static/a68ec0a3134b8610c476cd0fa3c0cf7e/25252/profile.jpg 400w,
						  /static/a68ec0a3134b8610c476cd0fa3c0cf7e/2f1b1/profile.jpg 800w,
						  /static/a68ec0a3134b8610c476cd0fa3c0cf7e/0ff54/profile.jpg 1200w,
						  /static/a68ec0a3134b8610c476cd0fa3c0cf7e/6d185/profile.jpg 1391w"
      />
      <img
        alt="Profile Shot"
        loading="lazy"
        onLoad={[Function]}
        sizes="(max-width: 800px) 100vw, 800px"
        src="/static/a68ec0a3134b8610c476cd0fa3c0cf7e/2f1b1/profile.jpg"
        srcSet="/static/a68ec0a3134b8610c476cd0fa3c0cf7e/fd013/profile.jpg 200w,
						  /static/a68ec0a3134b8610c476cd0fa3c0cf7e/25252/profile.jpg 400w,
						  /static/a68ec0a3134b8610c476cd0fa3c0cf7e/2f1b1/profile.jpg 800w,
						  /static/a68ec0a3134b8610c476cd0fa3c0cf7e/0ff54/profile.jpg 1200w,
						  /static/a68ec0a3134b8610c476cd0fa3c0cf7e/6d185/profile.jpg 1391w"
        style={
          Object {
            "height": "100%",
            "left": 0,
            "objectFit": "cover",
            "objectPosition": "center",
            "opacity": 0,
            "position": "absolute",
            "top": 0,
            "transition": "opacity 500ms",
            "width": "100%",
          }
        }
      />
    </picture>
    <noscript
      dangerouslySetInnerHTML={
        Object {
          "__html": "<picture><source srcset=\\"/static/a68ec0a3134b8610c476cd0fa3c0cf7e/fd013/profile.jpg 200w,
						  /static/a68ec0a3134b8610c476cd0fa3c0cf7e/25252/profile.jpg 400w,
						  /static/a68ec0a3134b8610c476cd0fa3c0cf7e/2f1b1/profile.jpg 800w,
						  /static/a68ec0a3134b8610c476cd0fa3c0cf7e/0ff54/profile.jpg 1200w,
						  /static/a68ec0a3134b8610c476cd0fa3c0cf7e/6d185/profile.jpg 1391w\\" sizes=\\"(max-width: 800px) 100vw, 800px\\" /><img loading=\\"lazy\\" sizes=\\"(max-width: 800px) 100vw, 800px\\" srcset=\\"/static/a68ec0a3134b8610c476cd0fa3c0cf7e/fd013/profile.jpg 200w,
						  /static/a68ec0a3134b8610c476cd0fa3c0cf7e/25252/profile.jpg 400w,
						  /static/a68ec0a3134b8610c476cd0fa3c0cf7e/2f1b1/profile.jpg 800w,
						  /static/a68ec0a3134b8610c476cd0fa3c0cf7e/0ff54/profile.jpg 1200w,
						  /static/a68ec0a3134b8610c476cd0fa3c0cf7e/6d185/profile.jpg 1391w\\" src=\\"/static/a68ec0a3134b8610c476cd0fa3c0cf7e/2f1b1/profile.jpg\\" alt=\\"Profile Shot\\" style=\\"position:absolute;top:0;left:0;opacity:1;width:100%;height:100%;object-fit:cover;object-position:center\\"/></picture>",
        }
      }
    />
  </div>
</section>
`;
